// Jest Snapshot v1, https://goo.gl/fbAQLP

exports[`Pruebas en <MultipleCustomHoks/> debe de mostrarse Correctamente 1`] = `
<Fragment>
  <h1>
    BreakINGbAD Quotes
  </h1>
  <hr />
  <div
    className="alert text-center alert-primary"
  >
    loading......
  </div>
  <button
    className="btn btn-primary"
    onClick={[Function]}
  >
    otro
  </button>
</Fragment>
`;
